// Jest Snapshot v1, https://goo.gl/fbAQLP

exports[`Main container renders correctly 1`] = `
<React.Fragment>
  <div
    className="title f1 black-70"
  >
    Robofriends
  </div>
  <SearchBar />
  <CardList />
</React.Fragment>
`;
